Archive member included to satisfy reference by file (symbol)

/home/phs/Desktop/worksapce/tool/gcc-arm-none-eabi-5_4-2016q3/arm-none-eabi/lib/armv7-m/libc.a(lib_a-malloc.o)
                              build_price_tag_sl_node_application_stm32f10x/mini_cpp.o (malloc)
/home/phs/Desktop/worksapce/tool/gcc-arm-none-eabi-5_4-2016q3/arm-none-eabi/lib/armv7-m/libc.a(lib_a-mallocr.o)
                              /home/phs/Desktop/worksapce/tool/gcc-arm-none-eabi-5_4-2016q3/arm-none-eabi/lib/armv7-m/libc.a(lib_a-malloc.o) (_malloc_r)
/home/phs/Desktop/worksapce/tool/gcc-arm-none-eabi-5_4-2016q3/arm-none-eabi/lib/armv7-m/libc.a(lib_a-memset.o)
                              build_price_tag_sl_node_application_stm32f10x/Stream.o (memset)
/home/phs/Desktop/worksapce/tool/gcc-arm-none-eabi-5_4-2016q3/arm-none-eabi/lib/armv7-m/libc.a(lib_a-mlock.o)
                              /home/phs/Desktop/worksapce/tool/gcc-arm-none-eabi-5_4-2016q3/arm-none-eabi/lib/armv7-m/libc.a(lib_a-mallocr.o) (__malloc_lock)
/home/phs/Desktop/worksapce/tool/gcc-arm-none-eabi-5_4-2016q3/arm-none-eabi/lib/armv7-m/libc.a(lib_a-sbrkr.o)
                              /home/phs/Desktop/worksapce/tool/gcc-arm-none-eabi-5_4-2016q3/arm-none-eabi/lib/armv7-m/libc.a(lib_a-mallocr.o) (_sbrk_r)
/home/phs/Desktop/worksapce/tool/gcc-arm-none-eabi-5_4-2016q3/arm-none-eabi/lib/armv7-m/libc.a(lib_a-strlen-stub.o)
                              build_price_tag_sl_node_application_stm32f10x/Print.o (strlen)
/home/phs/Desktop/worksapce/tool/gcc-arm-none-eabi-5_4-2016q3/arm-none-eabi/lib/armv7-m/libc.a(lib_a-freer.o)
                              /home/phs/Desktop/worksapce/tool/gcc-arm-none-eabi-5_4-2016q3/arm-none-eabi/lib/armv7-m/libc.a(lib_a-malloc.o) (_free_r)
/home/phs/Desktop/worksapce/tool/gcc-arm-none-eabi-5_4-2016q3/arm-none-eabi/lib/armv7-m/libc.a(lib_a-impure.o)
                              /home/phs/Desktop/worksapce/tool/gcc-arm-none-eabi-5_4-2016q3/arm-none-eabi/lib/armv7-m/libc.a(lib_a-malloc.o) (_impure_ptr)
/home/phs/Desktop/worksapce/tool/gcc-arm-none-eabi-5_4-2016q3/arm-none-eabi/lib/armv7-m/libc.a(lib_a-reent.o)
                              /home/phs/Desktop/worksapce/tool/gcc-arm-none-eabi-5_4-2016q3/arm-none-eabi/lib/armv7-m/libc.a(lib_a-sbrkr.o) (errno)
/home/phs/Desktop/worksapce/tool/gcc-arm-none-eabi-5_4-2016q3/arm-none-eabi/lib/armv7-m/libm.a(lib_a-w_sqrt.o)
                              build_price_tag_sl_node_application_stm32f10x/EmonLib.o (sqrt)
/home/phs/Desktop/worksapce/tool/gcc-arm-none-eabi-5_4-2016q3/arm-none-eabi/lib/armv7-m/libm.a(lib_a-e_sqrt.o)
                              /home/phs/Desktop/worksapce/tool/gcc-arm-none-eabi-5_4-2016q3/arm-none-eabi/lib/armv7-m/libm.a(lib_a-w_sqrt.o) (__ieee754_sqrt)
/home/phs/Desktop/worksapce/tool/gcc-arm-none-eabi-5_4-2016q3/arm-none-eabi/lib/armv7-m/libm.a(lib_a-s_lib_ver.o)
                              /home/phs/Desktop/worksapce/tool/gcc-arm-none-eabi-5_4-2016q3/arm-none-eabi/lib/armv7-m/libm.a(lib_a-w_sqrt.o) (__fdlib_version)
/home/phs/Desktop/worksapce/tool/gcc-arm-none-eabi-5_4-2016q3/arm-none-eabi/lib/armv7-m/libm.a(lib_a-s_matherr.o)
                              /home/phs/Desktop/worksapce/tool/gcc-arm-none-eabi-5_4-2016q3/arm-none-eabi/lib/armv7-m/libm.a(lib_a-w_sqrt.o) (matherr)
/home/phs/Desktop/worksapce/tool/gcc-arm-none-eabi-5_4-2016q3/lib/gcc/arm-none-eabi/5.4.1/armv7-m/libgcc.a(_arm_addsubdf3.o)
                              build_price_tag_sl_node_application_stm32f10x/EmonLib.o (__aeabi_dsub)
/home/phs/Desktop/worksapce/tool/gcc-arm-none-eabi-5_4-2016q3/lib/gcc/arm-none-eabi/5.4.1/armv7-m/libgcc.a(_arm_muldivdf3.o)
                              build_price_tag_sl_node_application_stm32f10x/EmonLib.o (__aeabi_dmul)
/home/phs/Desktop/worksapce/tool/gcc-arm-none-eabi-5_4-2016q3/lib/gcc/arm-none-eabi/5.4.1/armv7-m/libgcc.a(_arm_cmpdf2.o)
                              build_price_tag_sl_node_application_stm32f10x/Print.o (__aeabi_dcmplt)
/home/phs/Desktop/worksapce/tool/gcc-arm-none-eabi-5_4-2016q3/lib/gcc/arm-none-eabi/5.4.1/armv7-m/libgcc.a(_arm_unorddf2.o)
                              build_price_tag_sl_node_application_stm32f10x/Print.o (__aeabi_dcmpun)
/home/phs/Desktop/worksapce/tool/gcc-arm-none-eabi-5_4-2016q3/lib/gcc/arm-none-eabi/5.4.1/armv7-m/libgcc.a(_arm_fixdfsi.o)
                              build_price_tag_sl_node_application_stm32f10x/Print.o (__aeabi_d2iz)
/home/phs/Desktop/worksapce/tool/gcc-arm-none-eabi-5_4-2016q3/lib/gcc/arm-none-eabi/5.4.1/armv7-m/libgcc.a(_arm_fixunsdfsi.o)
                              build_price_tag_sl_node_application_stm32f10x/Print.o (__aeabi_d2uiz)
/home/phs/Desktop/worksapce/tool/gcc-arm-none-eabi-5_4-2016q3/lib/gcc/arm-none-eabi/5.4.1/armv7-m/libgcc.a(_arm_truncdfsf2.o)
                              build_price_tag_sl_node_application_stm32f10x/Stream.o (__aeabi_d2f)
/home/phs/Desktop/worksapce/tool/gcc-arm-none-eabi-5_4-2016q3/lib/gcc/arm-none-eabi/5.4.1/armv7-m/libgcc.a(_arm_addsubsf3.o)
[...]
Memory Configuration

Name             Origin             Length             Attributes
FLASH            0x08000000         0x0000e000         xr
SRAM             0x20000000         0x00005000         xrw
*default*        0x00000000         0xffffffff

Linker script and memory map

                0x00000400                HEAP_SIZE = 0x400

.start_flash    0x08000000        0x0
                0x08000000                _start_flash = .

.isr_vector     0x08000000       0xec
 *(.isr_vector)
 .isr_vector    0x08000000       0xec build_price_tag_sl_node_application_stm32f10x/system.o
                0x08000000                isr_vector
                0x080000ec                . = ALIGN (0x4)

.text           0x080000ec      0xcd4
                0x080000ec                . = ALIGN (0x4)
 *(.text)
 *(.text*)
 .text.xputc    0x080000ec       0x24 build_price_tag_sl_node_application_stm32f10x/xprintf.o
                0x080000ec                xputc
 .text.xstream  0x08000110      0x156 build_price_tag_sl_node_application_stm32f10x/xprintf.o
 *fill*         0x08000266        0x2 
 .text.xprintf  0x08000268       0x24 build_price_tag_sl_node_application_stm32f10x/xprintf.o
                0x08000268                xprintf
 .text.led_init
                0x0800028c       0x20 build_price_tag_sl_node_application_stm32f10x/led.o
                0x0800028c                led_init
 .text.led_on   0x080002ac        0xc build_price_tag_sl_node_application_stm32f10x/led.o
                0x080002ac                led_on
 .text.led_off  0x080002b8        0xc build_price_tag_sl_node_application_stm32f10x/led.o
                0x080002b8                led_off
 .text.SystemInit
                0x080002c4       0xf4 build_price_tag_sl_node_application_stm32f10x/system_stm32f10x.o
                0x080002c4                SystemInit
 .text.SystemCoreClockUpdate
                0x080003b8       0x5c build_price_tag_sl_node_application_stm32f10x/system_stm32f10x.o
                0x080003b8                SystemCoreClockUpdate
 .text.GPIO_Init
                0x08000414       0xa4 build_price_tag_sl_node_application_stm32f10x/stm32f10x_gpio.o
                0x08000414                GPIO_Init
 .text.GPIO_ReadInputDataBit
                0x080004b8        0xc build_price_tag_sl_node_application_stm32f10x/stm32f10x_gpio.o
                0x080004b8                GPIO_ReadInputDataBit
 .text.GPIO_SetBits
                0x080004c4        0x4 build_price_tag_sl_node_application_stm32f10x/stm32f10x_gpio.o
                0x080004c4                GPIO_SetBits
 .text.GPIO_ResetBits
                0x080004c8        0x4 build_price_tag_sl_node_application_stm32f10x/stm32f10x_gpio.o
                0x080004c8                GPIO_ResetBits
 .text.GPIO_PinRemapConfig
                0x080004cc       0x60 build_price_tag_sl_node_application_stm32f10x/stm32f10x_gpio.o
                0x080004cc                GPIO_PinRemapConfig
 .text.RCC_HSICmd
                0x0800052c        0xc build_price_tag_sl_node_application_stm32f10x/stm32f10x_rcc.o
                0x0800052c                RCC_HSICmd
 .text.RCC_GetClocksFreq
                0x08000538       0x88 build_price_tag_sl_node_application_stm32f10x/stm32f10x_rcc.o
                0x08000538                RCC_GetClocksFreq
 .text.RCC_APB2PeriphClockCmd
                0x080005c0       0x18 build_price_tag_sl_node_application_stm32f10x/stm32f10x_rcc.o
                0x080005c0                RCC_APB2PeriphClockCmd
 .text.RCC_GetFlagStatus
                0x080005d8       0x28 build_price_tag_sl_node_application_stm32f10x/stm32f10x_rcc.o
                0x080005d8                RCC_GetFlagStatus
 .text.USART_Init
                0x08000600       0xa8 build_price_tag_sl_node_application_stm32f10x/stm32f10x_usart.o
                0x08000600                USART_Init
 .text.USART_Cmd
                0x080006a8       0x18 build_price_tag_sl_node_application_stm32f10x/stm32f10x_usart.o
                0x080006a8                USART_Cmd
 .text.USART_ITConfig
                0x080006c0       0x30 build_price_tag_sl_node_application_stm32f10x/stm32f10x_usart.o
                0x080006c0                USART_ITConfig
 .text.USART_SendData
                0x080006f0        0x8 build_price_tag_sl_node_application_stm32f10x/stm32f10x_usart.o
                0x080006f0                USART_SendData
 .text.USART_GetFlagStatus
                0x080006f8        0xc build_price_tag_sl_node_application_stm32f10x/stm32f10x_usart.o
                0x080006f8                USART_GetFlagStatus
 .text.USART_GetITStatus
                0x08000704       0x40 build_price_tag_sl_node_application_stm32f10x/stm32f10x_usart.o
                0x08000704                USART_GetITStatus
 .text.USART_ClearITPendingBit
                0x08000744       0x10 build_price_tag_sl_node_application_stm32f10x/stm32f10x_usart.o
                0x08000744                USART_ClearITPendingBit
 .text.NVIC_PriorityGroupConfig
                0x08000754       0x14 build_price_tag_sl_node_application_stm32f10x/misc.o
                0x08000754                NVIC_PriorityGroupConfig
 .text.NVIC_Init
                0x08000768       0x6c build_price_tag_sl_node_application_stm32f10x/misc.o
                0x08000768                NVIC_Init
 .text.EXTI_GetITStatus
                0x080007d4       0x1c build_price_tag_sl_node_application_stm32f10x/stm32f10x_exti.o
                0x080007d4                EXTI_GetITStatus
 .text.EXTI_ClearITPendingBit
                0x080007f0        0xc build_price_tag_sl_node_application_stm32f10x/stm32f10x_exti.o
                0x080007f0                EXTI_ClearITPendingBit
 .text.usage_fault_handler
                0x080007fc        0x2 build_price_tag_sl_node_application_stm32f10x/system.o
                0x080007fc                usage_fault_handler
 .text.uart3_irq
                0x080007fe        0x2 build_price_tag_sl_node_application_stm32f10x/system.o
                0x080007fe                uart3_irq
 .text.shell_handler
                0x08000800       0x10 build_price_tag_sl_node_application_stm32f10x/system.o
 .text.systick_handler
                0x08000810       0x30 build_price_tag_sl_node_application_stm32f10x/system.o
                0x08000810                systick_handler
 .text.exti_line1_irq
                0x08000840       0x16 build_price_tag_sl_node_application_stm32f10x/system.o
                0x08000840                exti_line1_irq
 .text.default_handler
                0x08000856        0x2 build_price_tag_sl_node_application_stm32f10x/system.o
                0x08000856                svc_handler
                0x08000856                default_handler
                0x08000856                dg_monitor_handler
                0x08000856                pendsv_handler
 .text.nmi_handler
                0x08000858        0x2 build_price_tag_sl_node_application_stm32f10x/system.o
                0x08000858                nmi_handler
 .text.hard_fault_handler
                0x0800085a        0x2 build_price_tag_sl_node_application_stm32f10x/system.o
                0x0800085a                hard_fault_handler
 .text.mem_manage_handler
                0x0800085c        0x2 build_price_tag_sl_node_application_stm32f10x/system.o
                0x0800085c                mem_manage_handler
 .text.bus_fault_handler
                0x0800085e        0x2 build_price_tag_sl_node_application_stm32f10x/system.o
                0x0800085e                bus_fault_handler
 .text.sys_ctrl_delay
                0x08000860        0x8 build_price_tag_sl_node_application_stm32f10x/system.o
                0x08000860                sys_ctrl_delay
 .text.reset_handler
                0x08000868       0xd0 build_price_tag_sl_node_application_stm32f10x/system.o
                0x08000868                reset_handler
 .text._init    0x08000938        0x2 build_price_tag_sl_node_application_stm32f10x/system.o
                0x08000938                _init
 *fill*         0x0800093a        0x2 
 .text.xputchar
                0x0800093c       0x1c build_price_tag_sl_node_application_stm32f10x/sys_cfg.o
 .text.sys_cfg_clock
                0x08000958       0x1a build_price_tag_sl_node_application_stm32f10x/sys_cfg.o
                0x08000958                sys_cfg_clock
 *fill*         0x08000972        0x2 
 .text.sys_cfg_tick
                0x08000974       0x38 build_price_tag_sl_node_application_stm32f10x/sys_cfg.o
                0x08000974                sys_cfg_tick
 .text.sys_cfg_console
                0x080009ac       0xcc build_price_tag_sl_node_application_stm32f10x/sys_cfg.o
                0x080009ac                sys_cfg_console
 .text.sys_cfg_update_info
                0x08000a78      0x108 build_price_tag_sl_node_application_stm32f10x/sys_cfg.o
                0x08000a78                sys_cfg_update_info
 .text.sys_ctrl_delay_us
                0x08000b80       0x28 build_price_tag_sl_node_application_stm32f10x/sys_cfg.o
                0x08000b80                sys_ctrl_delay_us
 .text.sys_ctrl_delay_ms
                0x08000ba8       0x1a build_price_tag_sl_node_application_stm32f10x/sys_cfg.o
                0x08000ba8                sys_ctrl_delay_ms
 .text.sys_ctrl_independent_watchdog_init
                0x08000bc2        0x2 build_price_tag_sl_node_application_stm32f10x/sys_cfg.o
                0x08000bc2                sys_ctrl_independent_watchdog_init
 .text.sys_ctrl_soft_watchdog_init
                0x08000bc4        0x2 build_price_tag_sl_node_application_stm32f10x/sys_cfg.o
                0x08000bc4                sys_ctrl_soft_watchdog_init
 *fill*         0x08000bc6        0x2 
 .text.led_life_init
                0x08000bc8       0x30 build_price_tag_sl_node_application_stm32f10x/io_cfg.o
                0x08000bc8                led_life_init
 .text.led_life_on
                0x08000bf8        0xc build_price_tag_sl_node_application_stm32f10x/io_cfg.o
                0x08000bf8                led_life_on
 .text.led_life_off
                0x08000c04        0xc build_price_tag_sl_node_application_stm32f10x/io_cfg.o
                0x08000c04                led_life_off
 .text.button_mode_init
                0x08000c10       0x30 build_price_tag_sl_node_application_stm32f10x/io_cfg.o
                0x08000c10                button_mode_init
 .text.read_button_mode
                0x08000c40       0x18 build_price_tag_sl_node_application_stm32f10x/io_cfg.o
                0x08000c40                read_button_mode
 .text.main_app
                0x08000c58       0x78 build_price_tag_sl_node_application_stm32f10x/app.o
                0x08000c58                main_app
 .text.sys_irq_timer_10ms
                0x08000cd0        0x2 build_price_tag_sl_node_application_stm32f10x/app.o
                0x08000cd0                sys_irq_timer_10ms
 *fill*         0x08000cd2        0x2 
 .text.startup._GLOBAL__sub_I__ZN8SPIClassC2Ev
                0x08000cd4       0x10 build_price_tag_sl_node_application_stm32f10x/SPI.o
 *(.rodata)
 *(.rodata*)
 .rodata.str1.1
                0x08000ce4       0xc7 build_price_tag_sl_node_application_stm32f10x/sys_cfg.o
                                 0xc9 (size before relaxing)
 .rodata.str1.1
                0x08000dab       0x15 build_price_tag_sl_node_application_stm32f10x/app.o
 *(.glue_7)
 .glue_7        0x08000dc0        0x0 linker stubs
 *(.glue_7t)
 .glue_7t       0x08000dc0        0x0 linker stubs
 *(.init)
 *(.fini)
                0x08000dc0                . = ALIGN (0x4)
                0x08000dc0                _etext = .

.vfp11_veneer   0x08000dc0        0x0
 .vfp11_veneer  0x08000dc0        0x0 linker stubs

.v4_bx          0x08000dc0        0x0
 .v4_bx         0x08000dc0        0x0 linker stubs

.iplt           0x08000dc0        0x0
 .iplt          0x08000dc0        0x0 build_price_tag_sl_node_application_stm32f10x/utils.o

.rel.dyn        0x08000dc0        0x0
 .rel.iplt      0x08000dc0        0x0 build_price_tag_sl_node_application_stm32f10x/utils.o

.preinit_array  0x08000dc0        0x0
                0x08000dc0                PROVIDE (__preinit_array_start, .)
 *(SORT(.preinit_array.*))
 *(.preinit_array*)
                0x08000dc0                PROVIDE (__preinit_array_end, .)

.init_array     0x08000dc0        0x4
                0x08000dc0                PROVIDE (__init_array_start, .)
 *(SORT(.init_array.*))
 *(.init_array*)
 .init_array    0x08000dc0        0x4 build_price_tag_sl_node_application_stm32f10x/SPI.o
                0x08000dc4                PROVIDE (__init_array_end, .)

.fini_array     0x08000dc4        0x0
                [!provide]                PROVIDE (__fini_array_start, .)
 *(.fini_array*)
 *(SORT(.fini_array.*))
                [!provide]                PROVIDE (__fini_array_end, .)

.end_flash      0x08000dc4        0x0
                0x08000dc4                _end_flash = .

.start_ram      0x20000000        0x0
                0x20000000                _start_ram = .

.data           0x20000000       0x28 load address 0x08000dc4
                0x20000000                _data = .
                0x08000dc4                _ldata = LOADADDR (.data)
 *(vtable)
 *(.data)
 *(.data*)
 .data.AHBPrescTable
                0x20000000       0x10 build_price_tag_sl_node_application_stm32f10x/system_stm32f10x.o
                0x20000000                AHBPrescTable
 .data.SystemCoreClock
                0x20000010        0x4 build_price_tag_sl_node_application_stm32f10x/system_stm32f10x.o
                0x20000010                SystemCoreClock
 .data.ADCPrescTable
                0x20000014        0x4 build_price_tag_sl_node_application_stm32f10x/stm32f10x_rcc.o
 .data.APBAHBPrescTable
                0x20000018       0x10 build_price_tag_sl_node_application_stm32f10x/stm32f10x_rcc.o
                0x20000028                _edata = .

.igot.plt       0x20000028        0x0 load address 0x08000dec
 .igot.plt      0x20000028        0x0 build_price_tag_sl_node_application_stm32f10x/utils.o

.bss            0x20000028       0x56 load address 0x08000dec
                0x20000028                _bss = .
 *(.bss)
 *(.bss*)
 .bss.div_counter.6730
                0x20000028        0x4 build_price_tag_sl_node_application_stm32f10x/system.o
 .bss.millis_current
                0x2000002c        0x4 build_price_tag_sl_node_application_stm32f10x/system.o
 .bss.delay_coeficient
                0x20000030        0x4 build_price_tag_sl_node_application_stm32f10x/sys_cfg.o
 .bss.led_life  0x20000034       0x1c build_price_tag_sl_node_application_stm32f10x/app.o
                0x20000034                led_life
 .bss.SPI       0x20000050        0x2 build_price_tag_sl_node_application_stm32f10x/SPI.o
                0x20000050                SPI
 *(COMMON)
 *fill*         0x20000052        0x2 
 COMMON         0x20000054        0x4 build_price_tag_sl_node_application_stm32f10x/xprintf.o
                0x20000054                xfunc_out
 COMMON         0x20000058       0x26 build_price_tag_sl_node_application_stm32f10x/system.o
                0x20000058                system_info
                0x20000078                flag_timeout
                0x2000007a                GPIO_InitStructure
                0x2000007e                _ebss = .

.heap           0x2000007e      0x402 load address 0x08000e42
                0x2000007e                __heap_start__ = .
                0x2000047e                . = (. + HEAP_SIZE)
 *fill*         0x2000007e      0x400 
                0x20000480                . = ALIGN (0x4)
 *fill*         0x2000047e        0x2 
                0x20000480                __heap_end__ = .

.end_ram        0x20000480        0x0
                0x20000480                _end_ram = .
                0x20005000                _estack = (ORIGIN (SRAM) + LENGTH (SRAM))

/DISCARD/
 libc.a(*)
 libm.a(*)
 libg.a(*)
 libgcc.a(*)
LOAD /home/phs/Desktop/worksapce/tool/gcc-arm-none-eabi-5_4-2016q3/arm-none-eabi/lib/armv7-m/libc.a
LOAD /home/phs/Desktop/worksapce/tool/gcc-arm-none-eabi-5_4-2016q3/arm-none-eabi/lib/armv7-m/libm.a
LOAD /home/phs/Desktop/worksapce/tool/gcc-arm-none-eabi-5_4-2016q3/lib/gcc/arm-none-eabi/5.4.1/armv7-m/libgcc.a
LOAD /home/phs/Desktop/worksapce/tool/gcc-arm-none-eabi-5_4-2016q3/arm-none-eabi/lib/armv7-m/libg.a
LOAD build_price_tag_sl_node_application_stm32f10x/utils.o
LOAD build_price_tag_sl_node_application_stm32f10x/xprintf.o
LOAD build_price_tag_sl_node_application_stm32f10x/cmd_line.o
LOAD build_price_tag_sl_node_application_stm32f10x/log_queue.o
LOAD build_price_tag_sl_node_application_stm32f10x/fifo.o
LOAD build_price_tag_sl_node_application_stm32f10x/ring_buffer.o
LOAD build_price_tag_sl_node_application_stm32f10x/led.o
LOAD build_price_tag_sl_node_application_stm32f10x/button.o
LOAD build_price_tag_sl_node_application_stm32f10x/sensor_digital.o
LOAD build_price_tag_sl_node_application_stm32f10x/flash.o
LOAD build_price_tag_sl_node_application_stm32f10x/sys_dbg.o
LOAD build_price_tag_sl_node_application_stm32f10x/system_stm32f10x.o
LOAD build_price_tag_sl_node_application_stm32f10x/stm32f10x_gpio.o
LOAD build_price_tag_sl_node_application_stm32f10x/stm32f10x_rcc.o
LOAD build_price_tag_sl_node_application_stm32f10x/stm32f10x_usart.o
LOAD build_price_tag_sl_node_application_stm32f10x/stm32f10x_spi.o
LOAD build_price_tag_sl_node_application_stm32f10x/misc.o
LOAD build_price_tag_sl_node_application_stm32f10x/stm32f10x_exti.o
LOAD build_price_tag_sl_node_application_stm32f10x/stm32f10x_tim.o
LOAD build_price_tag_sl_node_application_stm32f10x/stm32f10x_adc.o
LOAD build_price_tag_sl_node_application_stm32f10x/stm32f10x_rtc.o
LOAD build_price_tag_sl_node_application_stm32f10x/stm32f10x_pwr.o
LOAD build_price_tag_sl_node_application_stm32f10x/stm32f10x_flash.o
LOAD build_price_tag_sl_node_application_stm32f10x/stm32f10x_iwdg.o
LOAD build_price_tag_sl_node_application_stm32f10x/stm32f10x_dac.o
LOAD build_price_tag_sl_node_application_stm32f10x/stm32f10x_i2c.o
LOAD build_price_tag_sl_node_application_stm32f10x/stm32.o
LOAD build_price_tag_sl_node_application_stm32f10x/system.o
LOAD build_price_tag_sl_node_application_stm32f10x/sys_cfg.o
LOAD build_price_tag_sl_node_application_stm32f10x/io_cfg.o
LOAD build_price_tag_sl_node_application_stm32f10x/app.o
LOAD build_price_tag_sl_node_application_stm32f10x/app_data.o
LOAD build_price_tag_sl_node_application_stm32f10x/app_test.o
LOAD build_price_tag_sl_node_application_stm32f10x/eeprom.o
LOAD build_price_tag_sl_node_application_stm32f10x/exor.o
LOAD build_price_tag_sl_node_application_stm32f10x/LiquidCrystal_I2C.o
LOAD build_price_tag_sl_node_application_stm32f10x/LiquidCrystal595.o
LOAD build_price_tag_sl_node_application_stm32f10x/EmonLib.o
LOAD build_price_tag_sl_node_application_stm32f10x/RF24.o
LOAD build_price_tag_sl_node_application_stm32f10x/RF24Network.o
LOAD build_price_tag_sl_node_application_stm32f10x/Sync.o
LOAD build_price_tag_sl_node_application_stm32f10x/SPI.o
LOAD build_price_tag_sl_node_application_stm32f10x/wiring_digital.o
LOAD build_price_tag_sl_node_application_stm32f10x/wiring_shift.o
LOAD build_price_tag_sl_node_application_stm32f10x/Print.o
LOAD build_price_tag_sl_node_application_stm32f10x/Stream.o
LOAD build_price_tag_sl_node_application_stm32f10x/mini_cpp.o
LOAD /home/phs/Desktop/worksapce/tool/gcc-arm-none-eabi-5_4-2016q3/arm-none-eabi/lib/armv7-m/libc.a
LOAD /home/phs/Desktop/worksapce/tool/gcc-arm-none-eabi-5_4-2016q3/arm-none-eabi/lib/armv7-m/libm.a
LOAD /home/phs/Desktop/worksapce/tool/gcc-arm-none-eabi-5_4-2016q3/lib/gcc/arm-none-eabi/5.4.1/armv7-m/libgcc.a
LOAD /home/phs/Desktop/worksapce/tool/gcc-arm-none-eabi-5_4-2016q3/arm-none-eabi/lib/armv7-m/libg.a
OUTPUT(build_price_tag_sl_node_application_stm32f10x/price_tag_sl_node_application.axf elf32-littlearm)

.debug_info     0x00000000     0x6bb4
 .debug_info    0x00000000      0x4a0 build_price_tag_sl_node_application_stm32f10x/xprintf.o
 .debug_info    0x000004a0      0x342 build_price_tag_sl_node_application_stm32f10x/led.o
 .debug_info    0x000007e2      0x4c8 build_price_tag_sl_node_application_stm32f10x/system_stm32f10x.o
 .debug_info    0x00000caa      0x7f3 build_price_tag_sl_node_application_stm32f10x/stm32f10x_gpio.o
 .debug_info    0x0000149d      0x8db build_price_tag_sl_node_application_stm32f10x/stm32f10x_rcc.o
 .debug_info    0x00001d78      0xacd build_price_tag_sl_node_application_stm32f10x/stm32f10x_usart.o
 .debug_info    0x00002845      0x55e build_price_tag_sl_node_application_stm32f10x/misc.o
 .debug_info    0x00002da3      0x345 build_price_tag_sl_node_application_stm32f10x/stm32f10x_exti.o
 .debug_info    0x000030e8      0x6a7 build_price_tag_sl_node_application_stm32f10x/system.o
 .debug_info    0x0000378f     0x10a4 build_price_tag_sl_node_application_stm32f10x/sys_cfg.o
 .debug_info    0x00004833     0x15ff build_price_tag_sl_node_application_stm32f10x/io_cfg.o
 .debug_info    0x00005e32      0x36c build_price_tag_sl_node_application_stm32f10x/app.o
 .debug_info    0x0000619e      0xa16 build_price_tag_sl_node_application_stm32f10x/SPI.o

.debug_abbrev   0x00000000     0x19c0
 .debug_abbrev  0x00000000      0x1cd build_price_tag_sl_node_application_stm32f10x/xprintf.o
 .debug_abbrev  0x000001cd      0x12a build_price_tag_sl_node_application_stm32f10x/led.o
 .debug_abbrev  0x000002f7      0x170 build_price_tag_sl_node_application_stm32f10x/system_stm32f10x.o
 .debug_abbrev  0x00000467      0x200 build_price_tag_sl_node_application_stm32f10x/stm32f10x_gpio.o
 .debug_abbrev  0x00000667      0x1e4 build_price_tag_sl_node_application_stm32f10x/stm32f10x_rcc.o
 .debug_abbrev  0x0000084b      0x1e6 build_price_tag_sl_node_application_stm32f10x/stm32f10x_usart.o
 .debug_abbrev  0x00000a31      0x158 build_price_tag_sl_node_application_stm32f10x/misc.o
 .debug_abbrev  0x00000b89      0x1a1 build_price_tag_sl_node_application_stm32f10x/stm32f10x_exti.o
 .debug_abbrev  0x00000d2a      0x29d build_price_tag_sl_node_application_stm32f10x/system.o
 .debug_abbrev  0x00000fc7      0x37b build_price_tag_sl_node_application_stm32f10x/sys_cfg.o
 .debug_abbrev  0x00001342      0x289 build_price_tag_sl_node_application_stm32f10x/io_cfg.o
 .debug_abbrev  0x000015cb      0x14c build_price_tag_sl_node_application_stm32f10x/app.o
 .debug_abbrev  0x00001717      0x2a9 build_price_tag_sl_node_application_stm32f10x/SPI.o

.debug_loc      0x00000000     0x2092
 .debug_loc     0x00000000      0x38d build_price_tag_sl_node_application_stm32f10x/xprintf.o
 .debug_loc     0x0000038d      0x216 build_price_tag_sl_node_application_stm32f10x/led.o
 .debug_loc     0x000005a3       0x99 build_price_tag_sl_node_application_stm32f10x/system_stm32f10x.o
 .debug_loc     0x0000063c      0x4ed build_price_tag_sl_node_application_stm32f10x/stm32f10x_gpio.o
 .debug_loc     0x00000b29      0x672 build_price_tag_sl_node_application_stm32f10x/stm32f10x_rcc.o
 .debug_loc     0x0000119b      0x751 build_price_tag_sl_node_application_stm32f10x/stm32f10x_usart.o
 .debug_loc     0x000018ec      0x161 build_price_tag_sl_node_application_stm32f10x/misc.o
 .debug_loc     0x00001a4d      0x188 build_price_tag_sl_node_application_stm32f10x/stm32f10x_exti.o
 .debug_loc     0x00001bd5       0x36 build_price_tag_sl_node_application_stm32f10x/system.o
 .debug_loc     0x00001c0b      0x14a build_price_tag_sl_node_application_stm32f10x/sys_cfg.o
 .debug_loc     0x00001d55      0x17e build_price_tag_sl_node_application_stm32f10x/io_cfg.o
 .debug_loc     0x00001ed3       0x38 build_price_tag_sl_node_application_stm32f10x/app.o
 .debug_loc     0x00001f0b      0x187 build_price_tag_sl_node_application_stm32f10x/SPI.o

.debug_aranges  0x00000000      0x6c8
 .debug_aranges
                0x00000000       0x50 build_price_tag_sl_node_application_stm32f10x/xprintf.o
 .debug_aranges
                0x00000050       0x50 build_price_tag_sl_node_application_stm32f10x/led.o
 .debug_aranges
                0x000000a0       0x28 build_price_tag_sl_node_application_stm32f10x/system_stm32f10x.o
 .debug_aranges
                0x000000c8       0xa8 build_price_tag_sl_node_application_stm32f10x/stm32f10x_gpio.o
 .debug_aranges
                0x00000170      0x118 build_price_tag_sl_node_application_stm32f10x/stm32f10x_rcc.o
 .debug_aranges
                0x00000288      0x100 build_price_tag_sl_node_application_stm32f10x/stm32f10x_usart.o
 .debug_aranges
                0x00000388       0x40 build_price_tag_sl_node_application_stm32f10x/misc.o
 .debug_aranges
                0x000003c8       0x50 build_price_tag_sl_node_application_stm32f10x/stm32f10x_exti.o
 .debug_aranges
                0x00000418       0x60 build_price_tag_sl_node_application_stm32f10x/system.o
 .debug_aranges
                0x00000478       0x78 build_price_tag_sl_node_application_stm32f10x/sys_cfg.o
 .debug_aranges
                0x000004f0      0x140 build_price_tag_sl_node_application_stm32f10x/io_cfg.o
 .debug_aranges
                0x00000630       0x28 build_price_tag_sl_node_application_stm32f10x/app.o
 .debug_aranges
                0x00000658       0x70 build_price_tag_sl_node_application_stm32f10x/SPI.o

.debug_ranges   0x00000000      0x628
 .debug_ranges  0x00000000       0x40 build_price_tag_sl_node_application_stm32f10x/xprintf.o
 .debug_ranges  0x00000040       0x40 build_price_tag_sl_node_application_stm32f10x/led.o
 .debug_ranges  0x00000080       0x30 build_price_tag_sl_node_application_stm32f10x/system_stm32f10x.o
 .debug_ranges  0x000000b0       0x98 build_price_tag_sl_node_application_stm32f10x/stm32f10x_gpio.o
 .debug_ranges  0x00000148      0x108 build_price_tag_sl_node_application_stm32f10x/stm32f10x_rcc.o
 .debug_ranges  0x00000250       0xf0 build_price_tag_sl_node_application_stm32f10x/stm32f10x_usart.o
 .debug_ranges  0x00000340       0x30 build_price_tag_sl_node_application_stm32f10x/misc.o
 .debug_ranges  0x00000370       0x40 build_price_tag_sl_node_application_stm32f10x/stm32f10x_exti.o
 .debug_ranges  0x000003b0       0x50 build_price_tag_sl_node_application_stm32f10x/system.o
 .debug_ranges  0x00000400       0x80 build_price_tag_sl_node_application_stm32f10x/sys_cfg.o
 .debug_ranges  0x00000480      0x130 build_price_tag_sl_node_application_stm32f10x/io_cfg.o
 .debug_ranges  0x000005b0       0x18 build_price_tag_sl_node_application_stm32f10x/app.o
 .debug_ranges  0x000005c8       0x60 build_price_tag_sl_node_application_stm32f10x/SPI.o

.debug_line     0x00000000     0x2e0e
 .debug_line    0x00000000      0x276 build_price_tag_sl_node_application_stm32f10x/xprintf.o
 .debug_line    0x00000276      0x1af build_price_tag_sl_node_application_stm32f10x/led.o
 .debug_line    0x00000425      0x20d build_price_tag_sl_node_application_stm32f10x/system_stm32f10x.o
 .debug_line    0x00000632      0x41d build_price_tag_sl_node_application_stm32f10x/stm32f10x_gpio.o
 .debug_line    0x00000a4f      0x4f3 build_price_tag_sl_node_application_stm32f10x/stm32f10x_rcc.o
 .debug_line    0x00000f42      0x502 build_price_tag_sl_node_application_stm32f10x/stm32f10x_usart.o
 .debug_line    0x00001444      0x2a9 build_price_tag_sl_node_application_stm32f10x/misc.o
 .debug_line    0x000016ed      0x2ea build_price_tag_sl_node_application_stm32f10x/stm32f10x_exti.o
 .debug_line    0x000019d7      0x3e3 build_price_tag_sl_node_application_stm32f10x/system.o
 .debug_line    0x00001dba      0x468 build_price_tag_sl_node_application_stm32f10x/sys_cfg.o
 .debug_line    0x00002222      0x5f7 build_price_tag_sl_node_application_stm32f10x/io_cfg.o
 .debug_line    0x00002819      0x292 build_price_tag_sl_node_application_stm32f10x/app.o
 .debug_line    0x00002aab      0x363 build_price_tag_sl_node_application_stm32f10x/SPI.o

.debug_str      0x00000000     0x2552
 .debug_str     0x00000000      0x249 build_price_tag_sl_node_application_stm32f10x/xprintf.o
                                0x2c6 (size before relaxing)
 .debug_str     0x00000249       0xc1 build_price_tag_sl_node_application_stm32f10x/led.o
                                0x253 (size before relaxing)
 .debug_str     0x0000030a      0x1a9 build_price_tag_sl_node_application_stm32f10x/system_stm32f10x.o
                                0x363 (size before relaxing)
 .debug_str     0x000004b3      0x38e build_price_tag_sl_node_application_stm32f10x/stm32f10x_gpio.o
                                0x59d (size before relaxing)
 .debug_str     0x00000841      0x3d8 build_price_tag_sl_node_application_stm32f10x/stm32f10x_rcc.o
                                0x687 (size before relaxing)
 .debug_str     0x00000c19      0x47e build_price_tag_sl_node_application_stm32f10x/stm32f10x_usart.o
                                0x73d (size before relaxing)
 .debug_str     0x00001097      0x1dd build_price_tag_sl_node_application_stm32f10x/misc.o
                                0x42b (size before relaxing)
 .debug_str     0x00001274      0x1d6 build_price_tag_sl_node_application_stm32f10x/stm32f10x_exti.o
                                0x3a7 (size before relaxing)
 .debug_str     0x0000144a      0x253 build_price_tag_sl_node_application_stm32f10x/system.o
                                0x5f6 (size before relaxing)
 .debug_str     0x0000169d      0x4ba build_price_tag_sl_node_application_stm32f10x/sys_cfg.o
                                0xc3a (size before relaxing)
 .debug_str     0x00001b57      0x578 build_price_tag_sl_node_application_stm32f10x/io_cfg.o
                                0xe15 (size before relaxing)
 .debug_str     0x000020cf      0x148 build_price_tag_sl_node_application_stm32f10x/app.o
                                0x328 (size before relaxing)
 .debug_str     0x00002217      0x33b build_price_tag_sl_node_application_stm32f10x/SPI.o
                                0x7c4 (size before relaxing)

.comment        0x00000000       0x6e
 .comment       0x00000000       0x6e build_price_tag_sl_node_application_stm32f10x/xprintf.o
                                 0x6f (size before relaxing)
 .comment       0x0000006e       0x6f build_price_tag_sl_node_application_stm32f10x/led.o
 .comment       0x0000006e       0x6f build_price_tag_sl_node_application_stm32f10x/system_stm32f10x.o
 .comment       0x0000006e       0x6f build_price_tag_sl_node_application_stm32f10x/stm32f10x_gpio.o
 .comment       0x0000006e       0x6f build_price_tag_sl_node_application_stm32f10x/stm32f10x_rcc.o
 .comment       0x0000006e       0x6f build_price_tag_sl_node_application_stm32f10x/stm32f10x_usart.o
 .comment       0x0000006e       0x6f build_price_tag_sl_node_application_stm32f10x/misc.o
 .comment       0x0000006e       0x6f build_price_tag_sl_node_application_stm32f10x/stm32f10x_exti.o
 .comment       0x0000006e       0x6f build_price_tag_sl_node_application_stm32f10x/system.o
 .comment       0x0000006e       0x6f build_price_tag_sl_node_application_stm32f10x/sys_cfg.o
 .comment       0x0000006e       0x6f build_price_tag_sl_node_application_stm32f10x/io_cfg.o
 .comment       0x0000006e       0x6f build_price_tag_sl_node_application_stm32f10x/app.o
 .comment       0x0000006e       0x6f build_price_tag_sl_node_application_stm32f10x/SPI.o

.ARM.attributes
                0x00000000       0x33
 .ARM.attributes
                0x00000000       0x33 build_price_tag_sl_node_application_stm32f10x/xprintf.o
 .ARM.attributes
                0x00000033       0x33 build_price_tag_sl_node_application_stm32f10x/led.o
 .ARM.attributes
                0x00000066       0x33 build_price_tag_sl_node_application_stm32f10x/system_stm32f10x.o
 .ARM.attributes
                0x00000099       0x33 build_price_tag_sl_node_application_stm32f10x/stm32f10x_gpio.o
 .ARM.attributes
                0x000000cc       0x33 build_price_tag_sl_node_application_stm32f10x/stm32f10x_rcc.o
 .ARM.attributes
                0x000000ff       0x33 build_price_tag_sl_node_application_stm32f10x/stm32f10x_usart.o
 .ARM.attributes
                0x00000132       0x33 build_price_tag_sl_node_application_stm32f10x/misc.o
 .ARM.attributes
                0x00000165       0x33 build_price_tag_sl_node_application_stm32f10x/stm32f10x_exti.o
 .ARM.attributes
                0x00000198       0x33 build_price_tag_sl_node_application_stm32f10x/system.o
 .ARM.attributes
                0x000001cb       0x33 build_price_tag_sl_node_application_stm32f10x/sys_cfg.o
 .ARM.attributes
                0x000001fe       0x33 build_price_tag_sl_node_application_stm32f10x/io_cfg.o
 .ARM.attributes
                0x00000231       0x33 build_price_tag_sl_node_application_stm32f10x/app.o
 .ARM.attributes
                0x00000264       0x33 build_price_tag_sl_node_application_stm32f10x/SPI.o

.debug_frame    0x00000000      0xff8
 .debug_frame   0x00000000      0x110 build_price_tag_sl_node_application_stm32f10x/xprintf.o
 .debug_frame   0x00000110       0xa8 build_price_tag_sl_node_application_stm32f10x/led.o
 .debug_frame   0x000001b8       0x3c build_price_tag_sl_node_application_stm32f10x/system_stm32f10x.o
 .debug_frame   0x000001f4      0x170 build_price_tag_sl_node_application_stm32f10x/stm32f10x_gpio.o
 .debug_frame   0x00000364      0x220 build_price_tag_sl_node_application_stm32f10x/stm32f10x_rcc.o
 .debug_frame   0x00000584      0x224 build_price_tag_sl_node_application_stm32f10x/stm32f10x_usart.o
 .debug_frame   0x000007a8       0x68 build_price_tag_sl_node_application_stm32f10x/misc.o
 .debug_frame   0x00000810       0x9c build_price_tag_sl_node_application_stm32f10x/stm32f10x_exti.o
 .debug_frame   0x000008ac      0x15c build_price_tag_sl_node_application_stm32f10x/system.o
 .debug_frame   0x00000a08      0x178 build_price_tag_sl_node_application_stm32f10x/sys_cfg.o
 .debug_frame   0x00000b80      0x354 build_price_tag_sl_node_application_stm32f10x/io_cfg.o
 .debug_frame   0x00000ed4       0x38 build_price_tag_sl_node_application_stm32f10x/app.o
 .debug_frame   0x00000f0c       0xec build_price_tag_sl_node_application_stm32f10x/SPI.o
